Ejecutar aleteo construir apk --release
  Aletador construir apk --release
  shell: /usr/bin/bash -e {0}
  Env:
    FLUTTER_ROOT: /opt/hostedtoolcache/flutter/stable-3.32.0-x64
    PUB_CACHE: /home/runner/.pub-cache
  
Ejecución de la tarea de Gradle 'ensamblarArrendo'...                        
lib/Screen/ExploreSection/explore.dart:1034:26: Error: No se puede encontrar '}' para que coincida con '{'.
      Constructor: (constructor) {
                         ^
lib/Screen/ExploreSection/explore.dart:1139:9: Error: Esperado ';' después de esto.
        ),
        ^
lib/Screen/ExploreSection/explore.dart:1139:10: Error: Esperaba un identificador, pero obtuvo ','.
Intente insertar un identificador antes de ','.
        ),
         ^
lib/Screen/ExploreSection/explore.dart:1139:10: Error: Token inesperado ';'.
        ),
         ^
lib/Screen/ExploreSection/explore.dart:1140:7: Error: Esperado ';' después de esto.
      ),
      ^
lib/Screen/ExploreSection/explore.dart:1140:8: Error: Se esperaba un identificador, pero obtuvo ','.
Intente insertar un identificador antes de ','.
      ),
       ^
lib/Screen/ExploreSection/explore.dart:1140:8: Error: Token inesperado ';'.
      ),
       ^
lib/Screen/ExploreSection/explore.dart:1141:5: Error: Se esperaba un identificador, pero obtuvo ')'.
Intente insertar un identificador antes de ')'.
    );
    ^
lib/Screen/ExploreSection/explore.dart:1140:8: Error: Esperado ';' después de esto.
      ),
       ^
lib/Screen/ExploreSection/explore.dart:1141:5: Error: Unexpected token ';'.
    );
    ^
lib/Screen/SellerDetail/Seller_Details.dart:987:52: Error: Required named parameter 'groupValue' must be provided.
                          return RadioListTile<int>(
                                                   ^
/opt/hostedtoolcache/flutter/stable-3.32.0-x64/packages/flutter/lib/src/material/radio_list_tile.dart:174:9: Contexto: Encontré este candidato, pero los argumentos no coinciden.
  Const RadioListaTítica({
        ^^^^^^^^^^^^^^^
lib/Screen/SellerDetail/Seller_Details.dart:1007:28: Error: The argument type 'List<dynamic>' can't be assigned to the parameter type 'List<Widget>'.
 - 'Lista' es de 'dart:core'.
 - 'Widget' es de 'package:flutter/src/widgets/framework.dart' ('/opt/hostedtoolcache/flutter/stable-3.32.0-x64/packages/flutter/lib/src/widgets/framework.dart').
                        }).toList(),
                           ^
lib/Screen/Profile/widgets/languageBottomSheet.dart:62:38: Error: Required named parameter 'groupValue' must be provided.
                        Radio<String>(
                                     ^
/opt/hostedtoolcache/flutter/stable-3.32.0-x64/packages/flutter/lib/src/material/radio.dart:89:9: Context: Found this candidate, but the arguments don't match.
  Const Radio({
        ^^^^
lib/Screen/Profile/widgets/languageBottomSheet.dart:46:33: Error: The argument type 'String?' can't be assigned to the parameter type 'String' because 'String?' is nullable and 'String' isn't.
                    groupValue: selectedLanguageCode,
                                ^
lib/Screen/AddAddress/Add_Address.dart:1342:31: Error: Required named parameter 'groupValue' must be provided.
                    Radio<int>(
                              ^
/opt/hostedtoolcache/flutter/stable-3.32.0-x64/packages/flutter/lib/src/material/radio.dart:89:9: Context: Found this candidate, but the arguments don't match.
  Const Radio({
        ^^^^
lib/Screen/AddAddress/Add_Address.dart:1363:31: Error: Required named parameter 'groupValue' must be provided.
                    Radio<int>(
                              ^
/opt/hostedtoolcache/flutter/stable-3.32.0-x64/packages/flutter/lib/src/material/radio.dart:89:9: Contexto: Encontré este candidato, pero los argumentos no coinciden.
  Const Radio({
        ^^^^
lib/Screen/AddAddress/Add_Address.dart:1384:31: Error: Se debe proporcionar el parámetro llamado 'groupValue' requerido.
                    Radio<int>(
                              ^
/opt/hostedtoolcache/flutter/stable-3.32.0-x64/packages/flutter/lib/src/material/radio.dart:89:9: Contexto: Encontré este candidato, pero los argumentos no coinciden.
  Const Radio({
        ^^^^
lib/Screen/AddAddress/Add_Address.dart:1339:55: Error: El getter 'onChanged' no está definido para la clase 'int'.
Intente corregir el nombre del nombre de un getter existente, o definir un getter o campo llamado 'onChanged'.
                    RadioGroup.maybeOf<int>(context)?.onChanged.call(1),
                                                      ^^^^^^^^^^^
lib/Screen/AddAddress/Add_Address.dart:1360:55: Error: El getter 'onChanged' no está definido para la clase 'int'.
Intente corregir el nombre del nombre de un getter existente, o definir un getter o campo llamado 'onChanged'.
                    RadioGroup.maybeOf<int>(context)?.onChanged.call(2),
                                                      ^^^^^^^^^^^
lib/Screen/AddAddress/Add_Address.dart:1381:55: Error: El getter 'onChanged' no está definido para la clase 'int'.
Intente corregir el nombre del nombre de un getter existente, o definir un getter o campo llamado 'onChanged'.
                    RadioGroup.maybeOf<int>(context)?.onChanged.call(3),
                                                      ^^^^^^^^^^^
lib/Screen/AddAddress/Add_Address.dart:1323:21: Error: El tipo de argumento 'int?' ¿No se puede asignar al tipo de parámetro 'int' porque 'int?' Es anulado y 'int' no lo es.
        groupValue: seleccionadoTipo,
                    ^
lib/Screen/ProductList&SectionView/widgets/shortOptionWidget.dart:35:32: Error: Se debe proporcionar el parámetro llamado 'groupValue' requerido.
      Niño: RadioListTile<int>(
                               ^
/opt/hostedtoolcache/flutter/stable-3.32.0-x64/packages/flutter/lib/src/material/radio_list_tile.dart:174:9: Contexto: Encontré este candidato, pero los argumentos no coinciden.
  Const RadioListaTítica({
        ^^^^^^^^^^^^^^^
lib/Screen/OrderDetail/Widget/ProductIdemdata.dart:809:62: Error: Se debe proporcionar el parámetro llamado 'groupValue' requerido.
                                    return RadioListTile<int>(
                                                             ^
/opt/hostedtoolcache/flutter/stable-3.32.0-x64/packages/flutter/lib/src/material/radio_list_tile.dart:174:9: Contexto: Encontré este candidato, pero los argumentos no coinciden.
  Const RadioListaTítica({
        ^^^^^^^^^^^^^^^
lib/Screen/OrderDetail/Widget/ProductIdTemdata.dart:860:51: Error: Se debe proporcionar el parámetro llamado 'groupValue' requerido.
                                RadioListTile<int>(
                                                  ^
/opt/hostedtoolcache/flutter/stable-3.32.0-x64/packages/flutter/lib/src/material/radio_list_tile.dart:174:9: Contexto: Encontré este candidato, pero los argumentos no coinciden.
  Const RadioListaTítica({
        ^^^^^^^^^^^^^^^
Error del programa kernel_snapshot_destinar: Excepción
FRACASO: La construcción falló con una excepción.
* Lo que salió mal:
La ejecución falló para la tarea ':app:compileFlutterBuildRelease'.
> Proceso 'comando '/opt/hostedtoolcache/aleteador/estable-3.32.0-x64/bin/aleteador'' terminado con valor de salida distinto de cero 1
* Prueba:
> Ejecutar con ---stacktrace opción para obtener el rastro de la pila.
> Ejecutar con --info o --debug opción para obtener más salida de registro.
> Ejecutar con --scan para obtener información completa.
> Obtener más ayuda en https://help.gradle.org.
CONSTRUIR FALLIDO en 9m 46s
Ejecución de la tarea de Gradle 'ensamblarArrendo'...                          588.2s
Gradle task assembleRelease falló con el código de salida 1
Error: 
